Error type A at Line 4: unknown lexeme 1...1
Error type A at Line 5: unknown lexeme $
Error type B at Line 5: Missing semicolon ';'
