Error type 5 at Line 12: unmatching types for assign(=).
