Error type 9 at Line 8: parameters missmatch for function: 'foo2'
Error type 1 at Line 12: variable 'a' is used without a definition.
Error type 9 at Line 12: parameters missmatch for function: 'foo2'
