Error type 12 at Line 12: index: 'qwe[0].ss[1]' should be an integer
