Error type 12 at Line 10: index: 'e.d' should be an integer
