Program (1)
  ExtDefList (1)
    ExtDef (1)
      Specifier (1)
        TYPE: int
      FunDec (1)
        ID: ss
        LP
        VarList (1)
          ParamDec (1)
            Specifier (1)
              TYPE: int
            VarDec (1)
              ID: a
          COMMA
          VarList (1)
            ParamDec (1)
              Specifier (1)
                TYPE: int
              VarDec (1)
                ID: b
        RP
      CompSt (1)
        LC
        StmtList (2)
          Stmt (2)
            RETURN
            Exp (2)
              ID: ss
              LP
              Args (2)
                Exp (2)
                  ID: a
                COMMA
                Args (2)
                  Exp (2)
                    Exp (2)
                      ID: b
                    PLUS
                    Exp (2)
                      ID: a
              RP
            SEMI
        RC
    ExtDefList (4)
      ExtDef (4)
        Specifier (4)
          TYPE: int
        FunDec (4)
          ID: main
          LP
          RP
        CompSt (4)
          LC
          RC
