Program (1)
  ExtDefList (1)
    ExtDef (1)
      Specifier (1)
        TYPE: int
      FunDec (1)
        ID: test_2_r02
        LP
        RP
      CompSt (1)
        LC
        StmtList (2)
          Stmt (2)
            IF
            LP
            Exp (2)
              Exp (2)
                ID: x
              EQ
              Exp (2)
                INT: 5
            RP
            Stmt (2)
              SEMI
          StmtList (3)
            Stmt (3)
              WHILE
              LP
              Exp (3)
                Exp (3)
                  ID: x
                ASSIGN
                Exp (3)
                  INT: 1
              RP
              Stmt (3)
                SEMI
            StmtList (4)
              Stmt (4)
                SEMI
        RC
