Error type B at Line 7: Expected 'if' before 'else'
Error type B at Line 15: Expected 'if' before 'else'
